#Packing pin usage report
Type: io
	Input Pin Usage:
		Max: 1.00 (0.50)
		Avg: 0.37 (0.19)
		Min: 0.00 (0.00)
		Histogram:
		[        0:      0.2) 162 ( 62.8%) |***********************************************
		[      0.2:      0.4)   0 (  0.0%) |
		[      0.4:      0.6)   0 (  0.0%) |
		[      0.6:      0.8)   0 (  0.0%) |
		[      0.8:        1)  96 ( 37.2%) |****************************
		[        1:      1.2)   0 (  0.0%) |
		[      1.2:      1.4)   0 (  0.0%) |
		[      1.4:      1.6)   0 (  0.0%) |
		[      1.6:      1.8)   0 (  0.0%) |
		[      1.8:        2)   0 (  0.0%) |
	Output Pin Usage:
		Max: 1.00 (1.00)
		Avg: 0.63 (0.63)
		Min: 0.00 (0.00)
		Histogram:
		[        0:      0.1)  96 ( 37.2%) |****************************
		[      0.1:      0.2)   0 (  0.0%) |
		[      0.2:      0.3)   0 (  0.0%) |
		[      0.3:      0.4)   0 (  0.0%) |
		[      0.4:      0.5)   0 (  0.0%) |
		[      0.5:      0.6)   0 (  0.0%) |
		[      0.6:      0.7)   0 (  0.0%) |
		[      0.7:      0.8)   0 (  0.0%) |
		[      0.8:      0.9)   0 (  0.0%) |
		[      0.9:        1) 162 ( 62.8%) |***********************************************

Type: clb
	Input Pin Usage:
		Max: 33.00 (0.80)
		Avg: 22.72 (0.55)
		Min: 0.00 (0.00)
		Histogram:
		[        0:      4.1)  2 (  5.6%) |*********
		[      4.1:      8.2)  0 (  0.0%) |
		[      8.2:       12)  0 (  0.0%) |
		[       12:       16)  1 (  2.8%) |****
		[       16:       20)  6 ( 16.7%) |**************************
		[       20:       25) 11 ( 30.6%) |************************************************
		[       25:       29)  9 ( 25.0%) |***************************************
		[       29:       33)  6 ( 16.7%) |**************************
		[       33:       37)  1 (  2.8%) |****
		[       37:       41)  0 (  0.0%) |
	Output Pin Usage:
		Max: 20.00 (1.00)
		Avg: 10.33 (0.52)
		Min: 1.00 (0.05)
		Histogram:
		[        0:        2)  2 (  5.6%) |*********
		[        2:        4)  2 (  5.6%) |*********
		[        4:        6)  5 ( 13.9%) |**********************
		[        6:        8)  1 (  2.8%) |****
		[        8:       10)  4 ( 11.1%) |*****************
		[       10:       12) 11 ( 30.6%) |************************************************
		[       12:       14)  8 ( 22.2%) |***********************************
		[       14:       16)  1 (  2.8%) |****
		[       16:       18)  1 (  2.8%) |****
		[       18:       20)  1 (  2.8%) |****

Type: mult_36
	Input Pin Usage:
		Max: 64.00 (0.89)
		Avg: 52.00 (0.72)
		Min: 34.00 (0.47)
		Histogram:
		[        0:      7.2) 0 (  0.0%) |
		[      7.2:       14) 0 (  0.0%) |
		[       14:       22) 0 (  0.0%) |
		[       22:       29) 0 (  0.0%) |
		[       29:       36) 2 ( 40.0%) |*********************************
		[       36:       43) 0 (  0.0%) |
		[       43:       50) 0 (  0.0%) |
		[       50:       58) 0 (  0.0%) |
		[       58:       65) 3 ( 60.0%) |*************************************************
		[       65:       72) 0 (  0.0%) |
	Output Pin Usage:
		Max: 32.00 (0.44)
		Avg: 32.00 (0.44)
		Min: 32.00 (0.44)
		Histogram:
		[        0:      7.2) 0 (  0.0%) |
		[      7.2:       14) 0 (  0.0%) |
		[       14:       22) 0 (  0.0%) |
		[       22:       29) 0 (  0.0%) |
		[       29:       36) 5 (100.0%) |*************************************************
		[       36:       43) 0 (  0.0%) |
		[       43:       50) 0 (  0.0%) |
		[       50:       58) 0 (  0.0%) |
		[       58:       65) 0 (  0.0%) |
		[       65:       72) 0 (  0.0%) |

