#Timing report of worst 14 path(s)
# Unit scale: 1e-09 seconds
# Output precision: 3

#Path 1
Startpoint: i_44_.inpad[0] (.input clocked by virtual_io_clock)
Endpoint  : out:o_12_.outpad[0] (.output clocked by virtual_io_clock)
Path Type : hold

Point                                                             Incr      Path
--------------------------------------------------------------------------------
clock virtual_io_clock (rise edge)                               0.000     0.000
clock source latency                                             0.000     0.000
input external delay                                             0.000     0.000
i_44_.inpad[0] (.input)                                          0.000     0.000
[324].in[4] (.names)                                             0.167     0.167
[324].out[0] (.names)                                            0.235     0.402
o_12_.in[0] (.names)                                             0.000     0.402
o_12_.out[0] (.names)                                            0.235     0.637
out:o_12_.outpad[0] (.output)                                    0.216     0.853
data arrival time                                                          0.853

clock virtual_io_clock (rise edge)                               0.000     0.000
clock source latency                                             0.000     0.000
clock uncertainty                                                0.000     0.000
output external delay                                            0.000     0.000
data required time                                                         0.000
--------------------------------------------------------------------------------
data required time                                                        -0.000
data arrival time                                                          0.853
--------------------------------------------------------------------------------
slack (MET)                                                                0.853


#Path 2
Startpoint: i_49_.inpad[0] (.input clocked by virtual_io_clock)
Endpoint  : out:o_1_.outpad[0] (.output clocked by virtual_io_clock)
Path Type : hold

Point                                                             Incr      Path
--------------------------------------------------------------------------------
clock virtual_io_clock (rise edge)                               0.000     0.000
clock source latency                                             0.000     0.000
input external delay                                             0.000     0.000
i_49_.inpad[0] (.input)                                          0.000     0.000
[98].in[2] (.names)                                              0.166     0.166
[98].out[0] (.names)                                             0.235     0.401
o_1_.in[0] (.names)                                              0.000     0.401
o_1_.out[0] (.names)                                             0.235     0.636
out:o_1_.outpad[0] (.output)                                     0.382     1.018
data arrival time                                                          1.018

clock virtual_io_clock (rise edge)                               0.000     0.000
clock source latency                                             0.000     0.000
clock uncertainty                                                0.000     0.000
output external delay                                            0.000     0.000
data required time                                                         0.000
--------------------------------------------------------------------------------
data required time                                                        -0.000
data arrival time                                                          1.018
--------------------------------------------------------------------------------
slack (MET)                                                                1.018


#Path 3
Startpoint: i_67_.inpad[0] (.input clocked by virtual_io_clock)
Endpoint  : out:o_11_.outpad[0] (.output clocked by virtual_io_clock)
Path Type : hold

Point                                                             Incr      Path
--------------------------------------------------------------------------------
clock virtual_io_clock (rise edge)                               0.000     0.000
clock source latency                                             0.000     0.000
input external delay                                             0.000     0.000
i_67_.inpad[0] (.input)                                          0.000     0.000
[318].in[0] (.names)                                             0.191     0.191
[318].out[0] (.names)                                            0.235     0.426
o_11_.in[0] (.names)                                             0.000     0.426
o_11_.out[0] (.names)                                            0.235     0.661
out:o_11_.outpad[0] (.output)                                    0.410     1.070
data arrival time                                                          1.070

clock virtual_io_clock (rise edge)                               0.000     0.000
clock source latency                                             0.000     0.000
clock uncertainty                                                0.000     0.000
output external delay                                            0.000     0.000
data required time                                                         0.000
--------------------------------------------------------------------------------
data required time                                                        -0.000
data arrival time                                                          1.070
--------------------------------------------------------------------------------
slack (MET)                                                                1.070


#Path 4
Startpoint: i_96_.inpad[0] (.input clocked by virtual_io_clock)
Endpoint  : out:o_8_.outpad[0] (.output clocked by virtual_io_clock)
Path Type : hold

Point                                                             Incr      Path
--------------------------------------------------------------------------------
clock virtual_io_clock (rise edge)                               0.000     0.000
clock source latency                                             0.000     0.000
input external delay                                             0.000     0.000
i_96_.inpad[0] (.input)                                          0.000     0.000
[1837].in[0] (.names)                                            0.191     0.191
[1837].out[0] (.names)                                           0.235     0.426
[1839].in[2] (.names)                                            0.000     0.426
[1839].out[0] (.names)                                           0.235     0.661
o_8_.in[4] (.names)                                              0.000     0.661
o_8_.out[0] (.names)                                             0.235     0.896
out:o_8_.outpad[0] (.output)                                     0.187     1.083
data arrival time                                                          1.083

clock virtual_io_clock (rise edge)                               0.000     0.000
clock source latency                                             0.000     0.000
clock uncertainty                                                0.000     0.000
output external delay                                            0.000     0.000
data required time                                                         0.000
--------------------------------------------------------------------------------
data required time                                                        -0.000
data arrival time                                                          1.083
--------------------------------------------------------------------------------
slack (MET)                                                                1.083


#Path 5
Startpoint: i_67_.inpad[0] (.input clocked by virtual_io_clock)
Endpoint  : out:o_3_.outpad[0] (.output clocked by virtual_io_clock)
Path Type : hold

Point                                                             Incr      Path
--------------------------------------------------------------------------------
clock virtual_io_clock (rise edge)                               0.000     0.000
clock source latency                                             0.000     0.000
input external delay                                             0.000     0.000
i_67_.inpad[0] (.input)                                          0.000     0.000
[75].in[0] (.names)                                              0.191     0.191
[75].out[0] (.names)                                             0.235     0.426
o_3_.in[0] (.names)                                              0.000     0.426
o_3_.out[0] (.names)                                             0.235     0.661
out:o_3_.outpad[0] (.output)                                     0.432     1.092
data arrival time                                                          1.092

clock virtual_io_clock (rise edge)                               0.000     0.000
clock source latency                                             0.000     0.000
clock uncertainty                                                0.000     0.000
output external delay                                            0.000     0.000
data required time                                                         0.000
--------------------------------------------------------------------------------
data required time                                                        -0.000
data arrival time                                                          1.092
--------------------------------------------------------------------------------
slack (MET)                                                                1.092


#Path 6
Startpoint: i_64_.inpad[0] (.input clocked by virtual_io_clock)
Endpoint  : out:o_0_.outpad[0] (.output clocked by virtual_io_clock)
Path Type : hold

Point                                                             Incr      Path
--------------------------------------------------------------------------------
clock virtual_io_clock (rise edge)                               0.000     0.000
clock source latency                                             0.000     0.000
input external delay                                             0.000     0.000
i_64_.inpad[0] (.input)                                          0.000     0.000
[331].in[0] (.names)                                             0.169     0.169
[331].out[0] (.names)                                            0.235     0.404
o_0_.in[1] (.names)                                              0.000     0.404
o_0_.out[0] (.names)                                             0.235     0.639
out:o_0_.outpad[0] (.output)                                     0.501     1.140
data arrival time                                                          1.140

clock virtual_io_clock (rise edge)                               0.000     0.000
clock source latency                                             0.000     0.000
clock uncertainty                                                0.000     0.000
output external delay                                            0.000     0.000
data required time                                                         0.000
--------------------------------------------------------------------------------
data required time                                                        -0.000
data arrival time                                                          1.140
--------------------------------------------------------------------------------
slack (MET)                                                                1.140


#Path 7
Startpoint: i_2_.inpad[0] (.input clocked by virtual_io_clock)
Endpoint  : out:o_10_.outpad[0] (.output clocked by virtual_io_clock)
Path Type : hold

Point                                                             Incr      Path
--------------------------------------------------------------------------------
clock virtual_io_clock (rise edge)                               0.000     0.000
clock source latency                                             0.000     0.000
input external delay                                             0.000     0.000
i_2_.inpad[0] (.input)                                           0.000     0.000
[244].in[2] (.names)                                             0.281     0.281
[244].out[0] (.names)                                            0.235     0.516
o_10_.in[1] (.names)                                             0.000     0.516
o_10_.out[0] (.names)                                            0.235     0.751
out:o_10_.outpad[0] (.output)                                    0.407     1.159
data arrival time                                                          1.159

clock virtual_io_clock (rise edge)                               0.000     0.000
clock source latency                                             0.000     0.000
clock uncertainty                                                0.000     0.000
output external delay                                            0.000     0.000
data required time                                                         0.000
--------------------------------------------------------------------------------
data required time                                                        -0.000
data arrival time                                                          1.159
--------------------------------------------------------------------------------
slack (MET)                                                                1.159


#Path 8
Startpoint: i_93_.inpad[0] (.input clocked by virtual_io_clock)
Endpoint  : out:o_13_.outpad[0] (.output clocked by virtual_io_clock)
Path Type : hold

Point                                                             Incr      Path
--------------------------------------------------------------------------------
clock virtual_io_clock (rise edge)                               0.000     0.000
clock source latency                                             0.000     0.000
input external delay                                             0.000     0.000
i_93_.inpad[0] (.input)                                          0.000     0.000
[1740].in[0] (.names)                                            0.190     0.190
[1740].out[0] (.names)                                           0.261     0.451
o_13_.in[4] (.names)                                             0.170     0.621
o_13_.out[0] (.names)                                            0.261     0.882
out:o_13_.outpad[0] (.output)                                    0.286     1.168
data arrival time                                                          1.168

clock virtual_io_clock (rise edge)                               0.000     0.000
clock source latency                                             0.000     0.000
clock uncertainty                                                0.000     0.000
output external delay                                            0.000     0.000
data required time                                                         0.000
--------------------------------------------------------------------------------
data required time                                                        -0.000
data arrival time                                                          1.168
--------------------------------------------------------------------------------
slack (MET)                                                                1.168


#Path 9
Startpoint: i_44_.inpad[0] (.input clocked by virtual_io_clock)
Endpoint  : out:o_4_.outpad[0] (.output clocked by virtual_io_clock)
Path Type : hold

Point                                                             Incr      Path
--------------------------------------------------------------------------------
clock virtual_io_clock (rise edge)                               0.000     0.000
clock source latency                                             0.000     0.000
input external delay                                             0.000     0.000
i_44_.inpad[0] (.input)                                          0.000     0.000
[29].in[4] (.names)                                              0.167     0.167
[29].out[0] (.names)                                             0.235     0.402
o_4_.in[0] (.names)                                              0.000     0.402
o_4_.out[0] (.names)                                             0.235     0.637
out:o_4_.outpad[0] (.output)                                     0.551     1.188
data arrival time                                                          1.188

clock virtual_io_clock (rise edge)                               0.000     0.000
clock source latency                                             0.000     0.000
clock uncertainty                                                0.000     0.000
output external delay                                            0.000     0.000
data required time                                                         0.000
--------------------------------------------------------------------------------
data required time                                                        -0.000
data arrival time                                                          1.188
--------------------------------------------------------------------------------
slack (MET)                                                                1.188


#Path 10
Startpoint: i_125_.inpad[0] (.input clocked by virtual_io_clock)
Endpoint  : out:o_5_.outpad[0] (.output clocked by virtual_io_clock)
Path Type : hold

Point                                                             Incr      Path
--------------------------------------------------------------------------------
clock virtual_io_clock (rise edge)                               0.000     0.000
clock source latency                                             0.000     0.000
input external delay                                             0.000     0.000
i_125_.inpad[0] (.input)                                         0.000     0.000
[1852].in[0] (.names)                                            0.191     0.191
[1852].out[0] (.names)                                           0.261     0.452
n_n406.in[2] (.names)                                            0.000     0.452
n_n406.out[0] (.names)                                           0.261     0.713
o_5_.in[0] (.names)                                              0.000     0.713
o_5_.out[0] (.names)                                             0.235     0.948
out:o_5_.outpad[0] (.output)                                     0.290     1.237
data arrival time                                                          1.237

clock virtual_io_clock (rise edge)                               0.000     0.000
clock source latency                                             0.000     0.000
clock uncertainty                                                0.000     0.000
output external delay                                            0.000     0.000
data required time                                                         0.000
--------------------------------------------------------------------------------
data required time                                                        -0.000
data arrival time                                                          1.237
--------------------------------------------------------------------------------
slack (MET)                                                                1.237


#Path 11
Startpoint: i_2_.inpad[0] (.input clocked by virtual_io_clock)
Endpoint  : out:o_2_.outpad[0] (.output clocked by virtual_io_clock)
Path Type : hold

Point                                                             Incr      Path
--------------------------------------------------------------------------------
clock virtual_io_clock (rise edge)                               0.000     0.000
clock source latency                                             0.000     0.000
input external delay                                             0.000     0.000
i_2_.inpad[0] (.input)                                           0.000     0.000
[337].in[2] (.names)                                             0.281     0.281
[337].out[0] (.names)                                            0.235     0.516
o_2_.in[1] (.names)                                              0.000     0.516
o_2_.out[0] (.names)                                             0.235     0.751
out:o_2_.outpad[0] (.output)                                     0.571     1.322
data arrival time                                                          1.322

clock virtual_io_clock (rise edge)                               0.000     0.000
clock source latency                                             0.000     0.000
clock uncertainty                                                0.000     0.000
output external delay                                            0.000     0.000
data required time                                                         0.000
--------------------------------------------------------------------------------
data required time                                                        -0.000
data arrival time                                                          1.322
--------------------------------------------------------------------------------
slack (MET)                                                                1.322


#Path 12
Startpoint: i_49_.inpad[0] (.input clocked by virtual_io_clock)
Endpoint  : out:o_9_.outpad[0] (.output clocked by virtual_io_clock)
Path Type : hold

Point                                                             Incr      Path
--------------------------------------------------------------------------------
clock virtual_io_clock (rise edge)                               0.000     0.000
clock source latency                                             0.000     0.000
input external delay                                             0.000     0.000
i_49_.inpad[0] (.input)                                          0.000     0.000
[98].in[2] (.names)                                              0.166     0.166
[98].out[0] (.names)                                             0.235     0.401
o_9_.in[0] (.names)                                              0.000     0.401
o_9_.out[0] (.names)                                             0.235     0.636
out:o_9_.outpad[0] (.output)                                     0.756     1.393
data arrival time                                                          1.393

clock virtual_io_clock (rise edge)                               0.000     0.000
clock source latency                                             0.000     0.000
clock uncertainty                                                0.000     0.000
output external delay                                            0.000     0.000
data required time                                                         0.000
--------------------------------------------------------------------------------
data required time                                                        -0.000
data arrival time                                                          1.393
--------------------------------------------------------------------------------
slack (MET)                                                                1.393


#Path 13
Startpoint: i_102_.inpad[0] (.input clocked by virtual_io_clock)
Endpoint  : out:o_6_.outpad[0] (.output clocked by virtual_io_clock)
Path Type : hold

Point                                                             Incr      Path
--------------------------------------------------------------------------------
clock virtual_io_clock (rise edge)                               0.000     0.000
clock source latency                                             0.000     0.000
input external delay                                             0.000     0.000
i_102_.inpad[0] (.input)                                         0.000     0.000
[1924].in[1] (.names)                                            0.310     0.310
[1924].out[0] (.names)                                           0.261     0.571
o_6_.in[3] (.names)                                              0.000     0.571
o_6_.out[0] (.names)                                             0.235     0.806
out:o_6_.outpad[0] (.output)                                     0.597     1.403
data arrival time                                                          1.403

clock virtual_io_clock (rise edge)                               0.000     0.000
clock source latency                                             0.000     0.000
clock uncertainty                                                0.000     0.000
output external delay                                            0.000     0.000
data required time                                                         0.000
--------------------------------------------------------------------------------
data required time                                                        -0.000
data arrival time                                                          1.403
--------------------------------------------------------------------------------
slack (MET)                                                                1.403


#Path 14
Startpoint: i_62_.inpad[0] (.input clocked by virtual_io_clock)
Endpoint  : out:o_14_.outpad[0] (.output clocked by virtual_io_clock)
Path Type : hold

Point                                                             Incr      Path
--------------------------------------------------------------------------------
clock virtual_io_clock (rise edge)                               0.000     0.000
clock source latency                                             0.000     0.000
input external delay                                             0.000     0.000
i_62_.inpad[0] (.input)                                          0.000     0.000
[1632].in[0] (.names)                                            0.358     0.358
[1632].out[0] (.names)                                           0.261     0.619
n_n630.in[1] (.names)                                            0.000     0.619
n_n630.out[0] (.names)                                           0.261     0.880
o_14_.in[0] (.names)                                             0.000     0.880
o_14_.out[0] (.names)                                            0.235     1.115
out:o_14_.outpad[0] (.output)                                    0.405     1.520
data arrival time                                                          1.520

clock virtual_io_clock (rise edge)                               0.000     0.000
clock source latency                                             0.000     0.000
clock uncertainty                                                0.000     0.000
output external delay                                            0.000     0.000
data required time                                                         0.000
--------------------------------------------------------------------------------
data required time                                                        -0.000
data arrival time                                                          1.520
--------------------------------------------------------------------------------
slack (MET)                                                                1.520


#End of timing report
